Building...
Security Warning: The negotiated TLS 1.0 is an insecure protocol and is supported for backward compatibility only. The recommended protocol version is TLS 1.2 and later.
info: ApptechDashboard.Services.ZaloSettingsService[0]
      Zalo configuration loaded. AppId configured: True; AppSecret configured: True; Source: Database/AppSettings
warn: ApptechDashboard.Services.ZaloIntegrationService[0]
      Zalo token refresh is paused because the stored refresh token is invalid. Reconnect the Zalo OA to get a new token.
info: Microsoft.Hosting.Lifetime[14]
      Now listening on: https://localhost:2106
info: Microsoft.Hosting.Lifetime[0]
      Application started. Press Ctrl+C to shut down.
info: Microsoft.Hosting.Lifetime[0]
      Hosting environment: Development
info: Microsoft.Hosting.Lifetime[0]
      Content root path: D:\Working\T.A\Tech\Projects\apptech-dashboard\Apptech-dashboard
Security Warning: The negotiated TLS 1.0 is an insecure protocol and is supported for backward compatibility only. The recommended protocol version is TLS 1.2 and later.
warn: ApptechDashboard.Services.ZaloIntegrationService[0]
      Zalo token refresh is paused because the stored refresh token is invalid. Reconnect the Zalo OA to get a new token.
Security Warning: The negotiated TLS 1.0 is an insecure protocol and is supported for backward compatibility only. The recommended protocol version is TLS 1.2 and later.
warn: ApptechDashboard.Services.ZaloIntegrationService[0]
      Zalo token refresh is paused because the stored refresh token is invalid. Reconnect the Zalo OA to get a new token.
Security Warning: The negotiated TLS 1.0 is an insecure protocol and is supported for backward compatibility only. The recommended protocol version is TLS 1.2 and later.
warn: ApptechDashboard.Services.ZaloIntegrationService[0]
      Zalo token refresh is paused because the stored refresh token is invalid. Reconnect the Zalo OA to get a new token.
Security Warning: The negotiated TLS 1.0 is an insecure protocol and is supported for backward compatibility only. The recommended protocol version is TLS 1.2 and later.
warn: ApptechDashboard.Services.ZaloIntegrationService[0]
      Zalo token refresh is paused because the stored refresh token is invalid. Reconnect the Zalo OA to get a new token.
Security Warning: The negotiated TLS 1.0 is an insecure protocol and is supported for backward compatibility only. The recommended protocol version is TLS 1.2 and later.
warn: ApptechDashboard.Services.ZaloIntegrationService[0]
      Zalo token refresh is paused because the stored refresh token is invalid. Reconnect the Zalo OA to get a new token.
Security Warning: The negotiated TLS 1.0 is an insecure protocol and is supported for backward compatibility only. The recommended protocol version is TLS 1.2 and later.
warn: ApptechDashboard.Services.ZaloIntegrationService[0]
      Zalo token refresh is paused because the stored refresh token is invalid. Reconnect the Zalo OA to get a new token.
Security Warning: The negotiated TLS 1.0 is an insecure protocol and is supported for backward compatibility only. The recommended protocol version is TLS 1.2 and later.
warn: ApptechDashboard.Services.ZaloIntegrationService[0]
      Zalo token refresh is paused because the stored refresh token is invalid. Reconnect the Zalo OA to get a new token.
Security Warning: The negotiated TLS 1.0 is an insecure protocol and is supported for backward compatibility only. The recommended protocol version is TLS 1.2 and later.
warn: ApptechDashboard.Services.ZaloIntegrationService[0]
      Zalo token refresh is paused because the stored refresh token is invalid. Reconnect the Zalo OA to get a new token.
Security Warning: The negotiated TLS 1.0 is an insecure protocol and is supported for backward compatibility only. The recommended protocol version is TLS 1.2 and later.
warn: ApptechDashboard.Services.ZaloIntegrationService[0]
      Zalo token refresh is paused because the stored refresh token is invalid. Reconnect the Zalo OA to get a new token.
Security Warning: The negotiated TLS 1.0 is an insecure protocol and is supported for backward compatibility only. The recommended protocol version is TLS 1.2 and later.
warn: ApptechDashboard.Services.ZaloIntegrationService[0]
      Zalo token refresh is paused because the stored refresh token is invalid. Reconnect the Zalo OA to get a new token.
Security Warning: The negotiated TLS 1.0 is an insecure protocol and is supported for backward compatibility only. The recommended protocol version is TLS 1.2 and later.
warn: ApptechDashboard.Services.ZaloIntegrationService[0]
      Zalo token refresh is paused because the stored refresh token is invalid. Reconnect the Zalo OA to get a new token.
Security Warning: The negotiated TLS 1.0 is an insecure protocol and is supported for backward compatibility only. The recommended protocol version is TLS 1.2 and later.
warn: ApptechDashboard.Services.ZaloIntegrationService[0]
      Zalo token refresh is paused because the stored refresh token is invalid. Reconnect the Zalo OA to get a new token.
Security Warning: The negotiated TLS 1.0 is an insecure protocol and is supported for backward compatibility only. The recommended protocol version is TLS 1.2 and later.
warn: ApptechDashboard.Services.ZaloIntegrationService[0]
      Zalo token refresh is paused because the stored refresh token is invalid. Reconnect the Zalo OA to get a new token.
Security Warning: The negotiated TLS 1.0 is an insecure protocol and is supported for backward compatibility only. The recommended protocol version is TLS 1.2 and later.
warn: ApptechDashboard.Services.ZaloIntegrationService[0]
      Zalo token refresh is paused because the stored refresh token is invalid. Reconnect the Zalo OA to get a new token.
Security Warning: The negotiated TLS 1.0 is an insecure protocol and is supported for backward compatibility only. The recommended protocol version is TLS 1.2 and later.
warn: ApptechDashboard.Services.ZaloIntegrationService[0]
      Zalo token refresh is paused because the stored refresh token is invalid. Reconnect the Zalo OA to get a new token.
Security Warning: The negotiated TLS 1.0 is an insecure protocol and is supported for backward compatibility only. The recommended protocol version is TLS 1.2 and later.
warn: ApptechDashboard.Services.ZaloIntegrationService[0]
      Zalo token refresh is paused because the stored refresh token is invalid. Reconnect the Zalo OA to get a new token.
Security Warning: The negotiated TLS 1.0 is an insecure protocol and is supported for backward compatibility only. The recommended protocol version is TLS 1.2 and later.
warn: ApptechDashboard.Services.ZaloIntegrationService[0]
      Zalo token refresh is paused because the stored refresh token is invalid. Reconnect the Zalo OA to get a new token.
Security Warning: The negotiated TLS 1.0 is an insecure protocol and is supported for backward compatibility only. The recommended protocol version is TLS 1.2 and later.
warn: ApptechDashboard.Services.ZaloIntegrationService[0]
      Zalo token refresh is paused because the stored refresh token is invalid. Reconnect the Zalo OA to get a new token.
Security Warning: The negotiated TLS 1.0 is an insecure protocol and is supported for backward compatibility only. The recommended protocol version is TLS 1.2 and later.
warn: ApptechDashboard.Services.ZaloIntegrationService[0]
      Zalo token refresh is paused because the stored refresh token is invalid. Reconnect the Zalo OA to get a new token.
